
> rental-property-calculator@0.1.0 build
> next build

  Ôû▓ Next.js 14.2.35

   Creating an optimized production build ...
npm : Failed to 
compile.
Au caractère Ligne:1 
: 1
+ npm run build > 
build_error.log 2>&1
+ ~~~~~~~~~~~~~~~~~~~
~~~~~~~~~~~~~~~~~
    + CategoryInfo   
           : NotSpe  
  cified: (Failed    
 to compile.:Stri    
ng) [], RemoteEx    
ception
    + FullyQualified 
   ErrorId : Native  
  CommandError
 

app\layout.tsx
`next/font` error:
Unknown font `Geist`

app\layout.tsx
`next/font` error:
Unknown font `Geist 
Mono`


> Build failed 
because of webpack 
errors
